// Jest Snapshot v1, https://goo.gl/fbAQLP

exports[`Button rendered with correct text 1`] = `
<button
  className="root"
  onClick={
    [MockFunction] {
      "calls": Array [
        Array [],
      ],
      "results": Array [
        Object {
          "isThrow": false,
          "value": undefined,
        },
      ],
    }
  }
>
  Hello World
</button>
`;
